
> learnlens@0.0.0 build
> vite build

[36mvite v7.3.1 [32mbuilding client environment for production...[36m[39m
transforming...
[32mΓ£ô[39m 3 modules transformed.
node.exe : [31mΓ£ù[39m 
Build failed in 556ms
At line:1 char:1
+ & 
"C:\nvm4w\nodejs/node.exe" "C
:\nvm4w\nodejs/node_modules/n
pm/bin/np ...
+ ~~~~~~~~~~~~~~~~~~~~~~~~~~~
~~~~~~~~~~~~~~~~~~~~~~~~~~~~~
~~~~~~~~~~~~~
    + CategoryInfo           
   : NotSpecified: ([31mΓ£  
  ù[39m Build failed in 5   
 56ms:String) [], RemoteE    
xception
    + FullyQualifiedErrorId  
   : NativeCommandError
 
[31merror during build:
[31m[vite:css] [postcss] It 
looks like you're trying to 
use `tailwindcss` directly 
as a PostCSS plugin. The 
PostCSS plugin has moved to 
a separate package, so to 
continue using Tailwind CSS 
with PostCSS you'll need to 
install 
`@tailwindcss/postcss` and 
update your PostCSS 
configuration.[31m
file: [36mC:/Users/bezaw/One
Drive/Desktop/Learnlens/src/i
ndex.css:undefined:NaN[31m
    at at (C:\Users\bezaw\One
Drive\Desktop\Learnlens\node_
modules\tailwindcss\dist\lib.
js:38:1643)
    at LazyResult.runOnRoot (
C:\Users\bezaw\OneDrive\Deskt
op\Learnlens\node_modules\pos
tcss\lib\lazy-result.js:361:1
6)
    at LazyResult.runAsync (C
:\Users\bezaw\OneDrive\Deskto
p\Learnlens\node_modules\post
css\lib\lazy-result.js:290:26
)
    at LazyResult.async (C:\U
sers\bezaw\OneDrive\Desktop\L
earnlens\node_modules\postcss
\lib\lazy-result.js:192:30)
    at LazyResult.then (C:\Us
ers\bezaw\OneDrive\Desktop\Le
arnlens\node_modules\postcss\
lib\lazy-result.js:436:17)[3
9m
